18-6-2026 10:36:31  [===================== INICIO ===========================] =  
18-6-2026 10:36:32 INF [INPUT_PROCESSING] = 7 archivos .cnc encontrados en INPUT 
18-6-2026 10:36:32 INF [INPUT_PROCESSING] =     2 piezas generadas 
18-6-2026 10:36:32 INF [INPUT_PROCESSING] =     10 piezas generadas 
18-6-2026 10:36:33 INF [INPUT_PROCESSING] =     24 piezas generadas 
18-6-2026 10:36:34 INF [INPUT_PROCESSING] =     8 piezas generadas 
18-6-2026 10:36:35 INF [INPUT_PROCESSING] =     8 piezas generadas 
18-6-2026 10:36:36 INF [INPUT_PROCESSING] =     1 piezas generadas 
18-6-2026 10:36:36 INF [INPUT_PROCESSING] =     3 piezas generadas 
18-6-2026 10:44:4 INF [INPUT_PROCESSING] = --> Generando informes de estadísticas por robot 
18-6-2026 10:44:4 INF [TOOL_REPORTING] = Informe de estadísticas para ANTHRO --> EXCEL generado correctamente 
18-6-2026 10:44:4 INF [TOOL_REPORTING] = Informe de estadísticas para ANTHRO --> JSON generado correctamente 
18-6-2026 10:44:4 INF [TOOL_REPORTING] = Informe de estadísticas para SCARA --> EXCEL generado correctamente 
18-6-2026 10:44:4 INF [TOOL_REPORTING] = Informe de estadísticas para SCARA --> JSON generado correctamente 
18-6-2026 10:46:36  [===================== INICIO ===========================] =  
18-6-2026 10:46:37 INF [INPUT_PROCESSING] = 7 archivos .cnc encontrados en INPUT 
18-6-2026 10:46:37 INF [INPUT_PROCESSING] =     2 piezas generadas 
18-6-2026 10:46:37 INF [INPUT_PROCESSING] =     10 piezas generadas 
18-6-2026 10:46:37 INF [INPUT_PROCESSING] =     24 piezas generadas 
18-6-2026 10:46:39 INF [INPUT_PROCESSING] =     8 piezas generadas 
18-6-2026 10:46:39 INF [INPUT_PROCESSING] =     8 piezas generadas 
18-6-2026 10:46:40 INF [INPUT_PROCESSING] =     1 piezas generadas 
18-6-2026 10:46:40 INF [INPUT_PROCESSING] =     3 piezas generadas 
18-6-2026 10:51:39 INF [INPUT_PROCESSING] = --> Generando informes de estadísticas por robot 
18-6-2026 10:51:39 INF [TOOL_REPORTING] = Informe de estadísticas para ANTHRO --> EXCEL generado correctamente 
18-6-2026 10:51:39 INF [TOOL_REPORTING] = Informe de estadísticas para ANTHRO --> JSON generado correctamente 
18-6-2026 10:51:39 INF [TOOL_REPORTING] = Informe de estadísticas para SCARA --> EXCEL generado correctamente 
18-6-2026 10:51:39 INF [TOOL_REPORTING] = Informe de estadísticas para SCARA --> JSON generado correctamente 
